[amentotech.com/htmls/servosell/index.html]
[backblue.gif]
[fade.gif]
[index.html]
[amentotech.com/htmls/servosell/apple-touch-icon.png]
[amentotech.com/htmls/servosell/images/favicon.png]
[amentotech.com/htmls/servosell/images/loader.png]
[amentotech.com/htmls/servosell/index-2.html]
[amentotech.com/htmls/servosell/images/main-logo.png]
[amentotech.com/htmls/servosell/images/index/cart/img-01.png]
[amentotech.com/htmls/servosell/images/index/cart/img-02.png]
[amentotech.com/htmls/servosell/images/index/cart/img-03.png]
[amentotech.com/htmls/servosell/images/insight/user-img.jpg]
[amentotech.com/htmls/servosell/dashboard-insight.html]
[amentotech.com/htmls/servosell/dashboard-vendor.html]
[amentotech.com/htmls/servosell/dashboard-appointment-single.html]
[amentotech.com/htmls/servosell/dashboard-all-appointment.html]
[amentotech.com/htmls/servosell/dashboard-manage-time-slots.html]
[amentotech.com/htmls/servosell/dashboard-manage-services.html]
[amentotech.com/htmls/servosell/dashboard-profile-settings.html]
[amentotech.com/htmls/servosell/dashboard-article-list.html]
[amentotech.com/htmls/servosell/dashboard-add-new-article.html]
[amentotech.com/htmls/servosell/dashboard-inbox.html]
[amentotech.com/htmls/servosell/dashboard-buy-package.html]
[amentotech.com/htmls/servosell/dashboard-all-payouts.html]
[amentotech.com/htmls/servosell/dashboard-my-favorites.html]
[amentotech.com/htmls/servosell/dashboard-notifications.html]
[amentotech.com/htmls/servosell/dashboard-accountprivacy.html]
[amentotech.com/htmls/servosell/images/img-02.jpg]
[amentotech.com/htmls/servosell/vendor-single.html]
[amentotech.com/htmls/servosell/images/index/cart/img-04.png]
[amentotech.com/htmls/servosell/images/index/cart/img-05.png]
[amentotech.com/htmls/servosell/images/index/cart/img-06.png]
[amentotech.com/htmls/servosell/aboutus.html]
[amentotech.com/htmls/servosell/service-provider.html]
[amentotech.com/htmls/servosell/contact.html]
[amentotech.com/htmls/servosell/legalprivacy.html]
[amentotech.com/htmls/servosell/product-single.html]
[amentotech.com/htmls/servosell/search-result-products.html]
[amentotech.com/htmls/servosell/blog-list.html]
[amentotech.com/htmls/servosell/blog-grid.html]
[amentotech.com/htmls/servosell/blog-single.html]
[amentotech.com/htmls/servosell/service-provider-single.html]
[amentotech.com/htmls/servosell/vendor-become.html]
[amentotech.com/htmls/servosell/register.html]
[amentotech.com/htmls/servosell/comingsoon.html]
[amentotech.com/htmls/servosell/404.html]
[amentotech.com/htmls/servosell/images/index/main-banner/img-01.jpg]
[amentotech.com/htmls/servosell/images/index/main-banner/img-02.jpg]
[amentotech.com/htmls/servosell/images/index/main-banner/img-03.jpg]
[amentotech.com/htmls/servosell/images/index/main-banner/img-04.jpg]
[amentotech.com/htmls/servosell/images/index/main-banner/img-05.jpg]
[amentotech.com/htmls/servosell/images/index/main-banner/img-06.jpg]
[amentotech.com/htmls/servosell/images/index/main-banner/img-07.jpg]
[amentotech.com/htmls/servosell/images/index/main-banner/img-08.jpg]
[amentotech.com/htmls/servosell/images/index/main-banner/img-01.png]
[amentotech.com/htmls/servosell/images/index/category/img-01.jpg]
[amentotech.com/htmls/servosell/images/index/category/img-02.jpg]
[amentotech.com/htmls/servosell/images/index/category/img-03.jpg]
[amentotech.com/htmls/servosell/images/index/category/img-04.jpg]
[amentotech.com/htmls/servosell/images/index/category/img-05.jpg]
[amentotech.com/htmls/servosell/images/index/category/img-06.jpg]
[amentotech.com/htmls/servosell/images/index/category/img-07.jpg]
[amentotech.com/htmls/servosell/images/index/category/img-08.jpg]
[amentotech.com/htmls/servosell/images/index/category/img-09.jpg]
[amentotech.com/htmls/servosell/images/index/category/img-10.jpg]
[amentotech.com/htmls/servosell/images/index/service-provider/img-01.jpg]
[amentotech.com/htmls/servosell/images/index/service-provider/user-icon/img-01.jpg]
[amentotech.com/htmls/servosell/images/index/service-provider/img-02.jpg]
[amentotech.com/htmls/servosell/images/index/service-provider/user-icon/img-02.jpg]
[amentotech.com/htmls/servosell/images/index/service-provider/img-03.jpg]
[amentotech.com/htmls/servosell/images/index/service-provider/user-icon/img-03.jpg]
[amentotech.com/htmls/servosell/images/index/service-provider/img-04.jpg]
[amentotech.com/htmls/servosell/images/index/service-provider/user-icon/img-04.jpg]
[amentotech.com/htmls/servosell/images/index/service-provider/img-05.jpg]
[amentotech.com/htmls/servosell/images/index/service-provider/user-icon/img-05.jpg]
[amentotech.com/htmls/servosell/images/index/service-provider/img-06.jpg]
[amentotech.com/htmls/servosell/images/index/service-provider/user-icon/img-06.jpg]
[amentotech.com/htmls/servosell/images/index/packages/img-01.jpg]
[amentotech.com/htmls/servosell/images/index/packages/img-02.jpg]
[amentotech.com/htmls/servosell/images/index/feedback/user-icon/img-01.jpg]
[amentotech.com/htmls/servosell/images/index/feedback/user-icon/img-02.jpg]
[amentotech.com/htmls/servosell/images/index/featured-products/img-01.jpg]
[amentotech.com/htmls/servosell/images/index/featured-products/img-02.jpg]
[amentotech.com/htmls/servosell/images/index/featured-products/img-03.jpg]
[amentotech.com/htmls/servosell/images/index/featured-products/img-04.jpg]
[amentotech.com/htmls/servosell/images/index/featured-products/img-05.jpg]
[amentotech.com/htmls/servosell/images/index/featured-products/img-06.jpg]
[amentotech.com/htmls/servosell/images/index/featured-products/img-07.jpg]
[amentotech.com/htmls/servosell/images/index/featured-products/img-08.jpg]
[amentotech.com/htmls/servosell/images/index/footer/flags/img-01.jpg]
[amentotech.com/htmls/servosell/images/index/footer/flags/img-02.jpg]
[amentotech.com/htmls/servosell/images/index/footer/flags/img-03.jpg]
[amentotech.com/htmls/servosell/images/index/footer/flags/img-04.jpg]
[amentotech.com/htmls/servosell/images/index/footer/flags/img-05.jpg]
[amentotech.com/htmls/servosell/images/index/footer/footer-logo.png]
[amentotech.com/htmls/servosell/images/index/footer/app/img-01.jpg]
[amentotech.com/htmls/servosell/images/index/footer/app/img-02.jpg]
[amentotech.com/htmls/servosell/images/index/footer/payments/img-01.jpg]
[amentotech.com/htmls/servosell/images/index/footer/payments/img-02.jpg]
[amentotech.com/htmls/servosell/images/index/footer/payments/img-03.jpg]
[amentotech.com/htmls/servosell/images/index/footer/payments/img-04.jpg]
[amentotech.com/htmls/servosell/images/index/footer/payments/img-05.jpg]
[amentotech.com/htmls/servosell/images/index/footer/payments/img-06.jpg]
[amentotech.com/htmls/servosell/js/vendor/jquery.min.js]
[amentotech.com/htmls/servosell/js/vendor/popper.min.js]
[amentotech.com/htmls/servosell/js/vendor/jquery-library.js]
[amentotech.com/htmls/servosell/js/vendor/bootstrap.min.js]
[amentotech.com/htmls/servosell/js/vendor/appear.js]
[amentotech.com/htmls/servosell/js/vendor/countTo.js]
[amentotech.com/htmls/servosell/js/vendor/gmap3.min.js]
[amentotech.com/htmls/servosell/js/vendor/jquery.mCustomScrollbar.concat.min.js]
[amentotech.com/htmls/servosell/js/vendor/select2.min.js]
[amentotech.com/htmls/servosell/js/vendor/readmore.js]
[amentotech.com/htmls/servosell/js/vendor/jquery-ui.js]
[amentotech.com/htmls/servosell/js/vendor/lightpick.js]
[amentotech.com/htmls/servosell/js/vendor/tipso.js]
[amentotech.com/htmls/servosell/js/vendor/owl.carousel.min.js]
[amentotech.com/htmls/servosell/js/vendor/jquery.ui.touch-punch.js]
[amentotech.com/htmls/servosell/js/main.js]
[amentotech.com/htmls/servosell/index.html]
[amentotech.com/htmls/servosell/apple-touch-icon.html]
[amentotech.com/htmls/servosell/css/bootstrap.min.css]
[amentotech.com/htmls/servosell/css/webfonts/fa-brands-400.eot]
[amentotech.com/htmls/servosell/css/webfonts/fa-brands-400d41d.eot]
[amentotech.com/htmls/servosell/css/webfonts/fa-brands-400.woff2]
[amentotech.com/htmls/servosell/css/webfonts/fa-brands-400.woff]
[amentotech.com/htmls/servosell/css/webfonts/fa-brands-400.ttf]
[amentotech.com/htmls/servosell/css/webfonts/fa-regular-400.eot]
[amentotech.com/htmls/servosell/css/webfonts/fa-regular-400d41d.eot]
[amentotech.com/htmls/servosell/css/webfonts/fa-regular-400.woff2]
[amentotech.com/htmls/servosell/css/webfonts/fa-regular-400.woff]
[amentotech.com/htmls/servosell/css/webfonts/fa-regular-400.ttf]
[amentotech.com/htmls/servosell/css/webfonts/fa-solid-900.eot]
[amentotech.com/htmls/servosell/css/webfonts/fa-solid-900d41d.eot]
[amentotech.com/htmls/servosell/css/webfonts/fa-solid-900.woff2]
[amentotech.com/htmls/servosell/css/webfonts/fa-solid-900.woff]
[amentotech.com/htmls/servosell/css/webfonts/fa-solid-900.ttf]
[amentotech.com/htmls/servosell/css/fontawesome/fontawesome-all.css]
[amentotech.com/htmls/servosell/fonts/Linearicons-Free54e9.eot]
[amentotech.com/htmls/servosell/fonts/Linearicons-Freed41d.eot]
[amentotech.com/htmls/servosell/fonts/Linearicons-Free54e9.woff2]
[amentotech.com/htmls/servosell/fonts/Linearicons-Free54e9.woff]
[amentotech.com/htmls/servosell/fonts/Linearicons-Free54e9.ttf]
[amentotech.com/htmls/servosell/css/linearicons.css]
[amentotech.com/htmls/servosell/fonts/themify9f24.eot]
[amentotech.com/htmls/servosell/fonts/themifyd41d.eot]
[amentotech.com/htmls/servosell/fonts/themify9f24.woff]
[amentotech.com/htmls/servosell/fonts/themify9f24.ttf]
[amentotech.com/htmls/servosell/css/themify-icons.css]
[amentotech.com/htmls/servosell/css/owl.video.play.png]
[amentotech.com/htmls/servosell/css/owl.carousel.min.css]
[amentotech.com/htmls/servosell/css/lightpick.css]
[amentotech.com/htmls/servosell/css/mCSB_buttons.png]
[amentotech.com/htmls/servosell/css/jquery.mCustomScrollbar.min.css]
[amentotech.com/htmls/servosell/css/jquery-ui.css]
[amentotech.com/htmls/servosell/css/tipso.css]
[amentotech.com/htmls/servosell/css/select2.min.css]
[amentotech.com/htmls/servosell/images/index/community/banner.jpg]
[amentotech.com/htmls/servosell/images/index/stats/banner.jpg]
[amentotech.com/htmls/servosell/images/index/feedback/banner.jpg]
[amentotech.com/htmls/servosell/images/404-scroll.png]
[amentotech.com/htmls/servosell/images/coming-soonborder.png]
[amentotech.com/htmls/servosell/images/product-single/img-02.png]
[amentotech.com/htmls/servosell/css/main.css]
[amentotech.com/htmls/servosell/index-2.html]
[amentotech.com/htmls/servosell/images/index/user-logo.gif]
[amentotech.com/htmls/servosell/images/insight/profile.jpg]
[amentotech.com/htmls/servosell/images/service-provider-single/ad.jpg]
[amentotech.com/htmls/servosell/images/insight/img-01.png]
[amentotech.com/htmls/servosell/images/insight/img-02.png]
[amentotech.com/htmls/servosell/images/insight/user/img-01.jpg]
[amentotech.com/htmls/servosell/images/insight/user/img-02.jpg]
[amentotech.com/htmls/servosell/images/insight/user/img-03.jpg]
[amentotech.com/htmls/servosell/images/insight/user/img-04.jpg]
[amentotech.com/htmls/servosell/images/insight/user/img-05.jpg]
[amentotech.com/htmls/servosell/images/insight/user/img-06.jpg]
[amentotech.com/htmls/servosell/images/insight/img-01.jpg]
[amentotech.com/htmls/servosell/images/insight/img-02.jpg]
[amentotech.com/htmls/servosell/images/insight/img-03.jpg]
[amentotech.com/htmls/servosell/dashboard-insight.html]
[amentotech.com/htmls/servosell/images/db-vendor/img-01.jpg]
[amentotech.com/htmls/servosell/js/vendor/tinymce/tinymce.min4bb5.js]
[amentotech.com/htmls/servosell/dashboard-vendor.html]
[amentotech.com/htmls/servosell/dashboard-appointment-single.html]
[amentotech.com/htmls/servosell/images/insight/user/img-07.jpg]
[amentotech.com/htmls/servosell/images/insight/user/img-08.jpg]
[amentotech.com/htmls/servosell/images/insight/user/img-09.jpg]
[amentotech.com/htmls/servosell/dashboard-all-appointment.html]
[amentotech.com/htmls/servosell/js/vendor/bootstrap-datepicker.min.js]
[amentotech.com/htmls/servosell/js/vendor/prettyPhoto.js]
[amentotech.com/htmls/servosell/dashboard-manage-time-slots.html]
[amentotech.com/htmls/servosell/dashboard-manage-services.html]
[amentotech.com/htmls/servosell/images/service-provider-single/experience/img-01.jpg]
[amentotech.com/htmls/servosell/images/service-provider-single/experience/img-02.jpg]
[amentotech.com/htmls/servosell/images/service-provider-single/experience/img-03.jpg]
[amentotech.com/htmls/servosell/images/profile-settings/gallery/img-01.jpg]
[amentotech.com/htmls/servosell/images/profile-settings/gallery/img-02.jpg]
[amentotech.com/htmls/servosell/images/profile-settings/gallery/img-03.jpg]
[amentotech.com/htmls/servosell/images/profile-settings/gallery/img-07.jpg]
[amentotech.com/htmls/servosell/images/profile-settings/gallery/img-05.jpg]
[amentotech.com/htmls/servosell/images/profile-settings/gallery/img-06.jpg]
[amentotech.com/htmls/servosell/images/profile-settings/gallery/img-08.jpg]
[amentotech.com/htmls/servosell/dashboard-profile-settings.html]
[amentotech.com/htmls/servosell/images/bloggrid/img-01.jpg]
[amentotech.com/htmls/servosell/images/bloggrid/img-02.jpg]
[amentotech.com/htmls/servosell/images/bloggrid/img-03.jpg]
[amentotech.com/htmls/servosell/images/bloggrid/img-04.jpg]
[amentotech.com/htmls/servosell/images/bloggrid/img-05.jpg]
[amentotech.com/htmls/servosell/images/bloggrid/img-06.jpg]
[amentotech.com/htmls/servosell/dashboard-article-list.html]
[amentotech.com/htmls/servosell/dashboard-add-new-article.html]
[amentotech.com/htmls/servosell/images/inbox/user/img-01.jpg]
[amentotech.com/htmls/servosell/images/inbox/user/img-02.jpg]
[amentotech.com/htmls/servosell/images/inbox/user/img-03.jpg]
[amentotech.com/htmls/servosell/images/inbox/user/img-04.jpg]
[amentotech.com/htmls/servosell/images/inbox/user/img-05.jpg]
[amentotech.com/htmls/servosell/images/inbox/user/img-06.jpg]
[amentotech.com/htmls/servosell/images/inbox/user/img-07.jpg]
[amentotech.com/htmls/servosell/images/inbox/user/img-08.jpg]
[amentotech.com/htmls/servosell/images/inbox/user/img-09.jpg]
[amentotech.com/htmls/servosell/images/inbox/user/img-10.jpg]
[amentotech.com/htmls/servosell/images/inbox/message-user/img-01.jpg]
[amentotech.com/htmls/servosell/images/inbox/message-user/img-01.png]
[amentotech.com/htmls/servosell/images/inbox/message-user/img-02.png]
[amentotech.com/htmls/servosell/js/vendor/linkify.min.js]
[amentotech.com/htmls/servosell/js/vendor/linkify-jquery.min.js]
[amentotech.com/htmls/servosell/dashboard-inbox.html]
[amentotech.com/htmls/servosell/images/buy-package/card/img-01.jpg]
[amentotech.com/htmls/servosell/images/buy-package/card/img-02.jpg]
[amentotech.com/htmls/servosell/images/buy-package/card/img-03.jpg]
[amentotech.com/htmls/servosell/js/vendor/countdown.js]
[amentotech.com/htmls/servosell/dashboard-buy-package.html]
[amentotech.com/htmls/servosell/images/all-payouts/img-01.jpg]
[amentotech.com/htmls/servosell/images/all-payouts/img-02.jpg]
[amentotech.com/htmls/servosell/dashboard-all-payouts.html]
[amentotech.com/htmls/servosell/images/index/featured-products/img-10.jpg]
[amentotech.com/htmls/servosell/dashboard-my-favorites.html]
[amentotech.com/htmls/servosell/dashboard-notifications.html]
[amentotech.com/htmls/servosell/dashboard-accountprivacy.html]
[amentotech.com/htmls/servosell/images/vendor/img-01.jpg]
[amentotech.com/htmls/servosell/images/vendor/img-02.jpg]
[amentotech.com/htmls/servosell/images/vendor/img-03.jpg]
[amentotech.com/htmls/servosell/images/vendor/logo.png]
[amentotech.com/htmls/servosell/images/vendor/products/img-01.jpg]
[amentotech.com/htmls/servosell/images/vendor/products/img-02.jpg]
[amentotech.com/htmls/servosell/images/vendor/products/img-03.jpg]
[amentotech.com/htmls/servosell/images/vendor/products/img-04.jpg]
[amentotech.com/htmls/servosell/images/vendor/products/img-05.jpg]
[amentotech.com/htmls/servosell/images/vendor/products/img-06.jpg]
[amentotech.com/htmls/servosell/images/vendor/products/img-07.jpg]
[amentotech.com/htmls/servosell/images/vendor/products/img-08.jpg]
[amentotech.com/htmls/servosell/images/vendor/products/img-09.jpg]
[amentotech.com/htmls/servosell/images/vendor/products/img-10.jpg]
[amentotech.com/htmls/servosell/images/vendor/products/img-11.jpg]
[amentotech.com/htmls/servosell/images/vendor/products/img-12.jpg]
[amentotech.com/htmls/servosell/vendor-single.html]
[amentotech.com/htmls/servosell/images/aboutus/img-01.jpg]
[amentotech.com/htmls/servosell/images/aboutus/img-02.jpg]
[amentotech.com/htmls/servosell/images/aboutus/img-03.jpg]
[amentotech.com/htmls/servosell/images/aboutus/img-04.jpg]
[amentotech.com/htmls/servosell/images/aboutus/img-05.jpg]
[amentotech.com/htmls/servosell/aboutus.html]
[amentotech.com/htmls/servosell/images/index/service-provider/img-07.jpg]
[amentotech.com/htmls/servosell/images/index/service-provider/img-08.jpg]
[amentotech.com/htmls/servosell/images/index/service-provider/img-09.jpg]
[amentotech.com/htmls/servosell/images/index/service-provider/img-10.jpg]
[amentotech.com/htmls/servosell/images/index/service-provider/img-11.jpg]
[amentotech.com/htmls/servosell/images/index/service-provider/img-12.jpg]
[amentotech.com/htmls/servosell/service-provider.html]
[amentotech.com/htmls/servosell/images/contactimg/img-01.jpg]
[amentotech.com/htmls/servosell/js/vendor/gmaps.min.js]
[amentotech.com/htmls/servosell/contact.html]
[amentotech.com/htmls/servosell/images/img-01.jpg]
[amentotech.com/htmls/servosell/legalprivacy.html]
[amentotech.com/htmls/servosell/images/product-single/thumbnails/img-01.jpg]
[amentotech.com/htmls/servosell/images/product-single/thumbnails/img-02.jpg]
[amentotech.com/htmls/servosell/images/product-single/thumbnails/img-03.jpg]
[amentotech.com/htmls/servosell/images/product-single/thumbnails/img-04.jpg]
[amentotech.com/htmls/servosell/images/product-single/thumbnails/img-05.jpg]
[amentotech.com/htmls/servosell/images/product-single/thumbnails/img-06.jpg]
[amentotech.com/htmls/servosell/images/product-single/img-01.png]
[amentotech.com/htmls/servosell/images/blog-single/user-imgs/img-05.jpg]
[amentotech.com/htmls/servosell/images/product-single/img-03.jpg]
[amentotech.com/htmls/servosell/images/product-single/img-04.jpg]
[amentotech.com/htmls/servosell/images/product-single/img-05.jpg]
[amentotech.com/htmls/servosell/images/product-single/img-06.jpg]
[amentotech.com/htmls/servosell/images/product-single/img-07.jpg]
[amentotech.com/htmls/servosell/images/product-single/img-video.jpg]
[amentotech.com/htmls/servosell/images/product-single/Reviews/img-01.jpg]
[amentotech.com/htmls/servosell/images/product-single/Reviews/img-02.jpg]
[amentotech.com/htmls/servosell/images/product-single/Reviews/img-03.jpg]
[amentotech.com/htmls/servosell/images/product-single/Reviews/img-04.jpg]
[amentotech.com/htmls/servosell/images/index/featured-products/img-13.jpg]
[amentotech.com/htmls/servosell/images/index/featured-products/img-14.jpg]
[amentotech.com/htmls/servosell/images/index/featured-products/img-15.jpg]
[amentotech.com/htmls/servosell/images/index/featured-products/img-16.jpg]
[amentotech.com/htmls/servosell/product-single.html]
[amentotech.com/htmls/servosell/images/index/featured-products/img-09.jpg]
[amentotech.com/htmls/servosell/images/index/featured-products/img-11.jpg]
[amentotech.com/htmls/servosell/images/index/featured-products/img-12.jpg]
[amentotech.com/htmls/servosell/search-result-products.html]
[amentotech.com/htmls/servosell/blog-list.html]
[amentotech.com/htmls/servosell/blog-grid.html]
[amentotech.com/htmls/servosell/images/blog-single/banner-img.jpg]
[amentotech.com/htmls/servosell/images/blog-single/video-banner.jpg]
[amentotech.com/htmls/servosell/images/blog-single/user-imgs/img-01.jpg]
[amentotech.com/htmls/servosell/images/blog-single/user-imgs/img-02.jpg]
[amentotech.com/htmls/servosell/images/blog-single/user-imgs/img-03.jpg]
[amentotech.com/htmls/servosell/images/blog-single/user-imgs/img-04.jpg]
[amentotech.com/htmls/servosell/blog-single.html]
[amentotech.com/htmls/servosell/images/service-provider-single/banner-img/img-01.jpg]
[amentotech.com/htmls/servosell/images/service-provider-single/banner-img/img-02.jpg]
[amentotech.com/htmls/servosell/images/service-provider-single/banner-img/img-03.jpg]
[amentotech.com/htmls/servosell/images/service-provider-single/img-01.jpg]
[amentotech.com/htmls/servosell/images/service-provider-single/img-02.jpg]
[amentotech.com/htmls/servosell/images/service-provider-single/awards/img-01.jpg]
[amentotech.com/htmls/servosell/images/service-provider-single/awards/img-02.jpg]
[amentotech.com/htmls/servosell/images/service-provider-single/awards/img-03.jpg]
[amentotech.com/htmls/servosell/images/service-provider-single/experience/img-04.jpg]
[amentotech.com/htmls/servosell/images/service-provider-single/experience/img-05.jpg]
[amentotech.com/htmls/servosell/images/service-provider-single/experience/img-06.jpg]
[amentotech.com/htmls/servosell/images/service-provider-single/video-gallery/img-01.jpg]
[amentotech.com/htmls/servosell/images/service-provider-single/video-gallery/img-02.jpg]
[amentotech.com/htmls/servosell/images/service-provider-single/video-gallery/img-03.jpg]
[amentotech.com/htmls/servosell/js/vendor/moment.min.js]
[amentotech.com/htmls/servosell/js/vendor/fullcalendar.min.js]
[amentotech.com/htmls/servosell/service-provider-single.html]
[amentotech.com/htmls/servosell/vendor-become.html]
[amentotech.com/htmls/servosell/images/register/img-01.jpg]
[amentotech.com/htmls/servosell/images/register/logo.png]
[amentotech.com/htmls/servosell/js/vendor/backgroundstretch.js]
[amentotech.com/htmls/servosell/images/register/main-bg.jpg]
[amentotech.com/htmls/servosell/register.html]
[amentotech.com/htmls/servosell/images/comingsoon-logo.png]
[amentotech.com/htmls/servosell/images/comingsoon-logo2.png]
[amentotech.com/htmls/servosell/images/coming-soonbg.jpg]
[amentotech.com/htmls/servosell/comingsoon.html]
[amentotech.com/htmls/servosell/images/404.png]
[amentotech.com/htmls/servosell/404.html]
[amentotech.com/htmls/servosell/css/webfonts/fa-brands-400.svg]
[amentotech.com/htmls/servosell/css/webfonts/fa-regular-400.svg]
[amentotech.com/htmls/servosell/css/webfonts/fa-solid-900.svg]
[amentotech.com/htmls/servosell/fonts/Linearicons-Free54e9.svg]
[amentotech.com/htmls/servosell/fonts/themify9f24.svg]
[amentotech.com/htmls/servosell/css/owl.video.play.html]
[amentotech.com/htmls/servosell/css/mCSB_buttons.html]
[amentotech.com/htmls/servosell/images/buy-package/img-01.png]
[amentotech.com/htmls/servosell/css/dashboard.css]
[amentotech.com/htmls/servosell/images/prettyPhoto/default/sprite.png]
[amentotech.com/htmls/servosell/images/prettyPhoto/default/sprite_x.png]
[amentotech.com/htmls/servosell/images/prettyPhoto/default/sprite_y.png]
[amentotech.com/htmls/servosell/images/prettyPhoto/default/sprite_next.png]
[amentotech.com/htmls/servosell/images/prettyPhoto/default/sprite_prev.png]
[amentotech.com/htmls/servosell/images/prettyPhoto/default/default_thumb.png]
[amentotech.com/htmls/servosell/images/prettyPhoto/default/loader.gif]
[amentotech.com/htmls/servosell/images/prettyPhoto/light_rounded/sprite.png]
[amentotech.com/htmls/servosell/images/prettyPhoto/light_rounded/btnNext.png]
[amentotech.com/htmls/servosell/images/prettyPhoto/light_rounded/btnPrevious.png]
[amentotech.com/htmls/servosell/images/prettyPhoto/dark_rounded/sprite.png]
[amentotech.com/htmls/servosell/images/prettyPhoto/dark_rounded/contentPattern.png]
[amentotech.com/htmls/servosell/images/prettyPhoto/dark_rounded/btnNext.png]
[amentotech.com/htmls/servosell/images/prettyPhoto/dark_rounded/btnPrevious.png]
[amentotech.com/htmls/servosell/images/prettyPhoto/dark_rounded/loader.gif]
[amentotech.com/htmls/servosell/images/prettyPhoto/dark_square/loader.gif]
[amentotech.com/htmls/servosell/images/prettyPhoto/dark_square/sprite.png]
[amentotech.com/htmls/servosell/images/prettyPhoto/dark_square/btnNext.png]
[amentotech.com/htmls/servosell/images/prettyPhoto/dark_square/btnPrevious.png]
[amentotech.com/htmls/servosell/images/prettyPhoto/light_square/sprite.png]
[amentotech.com/htmls/servosell/images/prettyPhoto/light_square/btnNext.png]
[amentotech.com/htmls/servosell/images/prettyPhoto/light_square/btnPrevious.png]
[amentotech.com/htmls/servosell/images/prettyPhoto/facebook/sprite.png]
[amentotech.com/htmls/servosell/images/prettyPhoto/facebook/contentPatternTop.png]
[amentotech.com/htmls/servosell/images/prettyPhoto/facebook/contentPatternLeft.png]
[amentotech.com/htmls/servosell/images/prettyPhoto/facebook/contentPatternRight.png]
[amentotech.com/htmls/servosell/images/prettyPhoto/facebook/loader.gif]
[amentotech.com/htmls/servosell/images/prettyPhoto/facebook/btnNext.png]
[amentotech.com/htmls/servosell/images/prettyPhoto/facebook/btnPrevious.png]
[amentotech.com/htmls/servosell/images/prettyPhoto/facebook/contentPatternBottom.png]
[amentotech.com/htmls/servosell/images/prettyPhoto/facebook/default_thumbnail.gif]
[amentotech.com/htmls/servosell/images/prettyPhoto/light_rounded/loader.gif]
[amentotech.com/htmls/servosell/css/prettyPhoto.css]
[amentotech.com/htmls/servosell/css/bootstrap-datepicker.min.css]
[amentotech.com/htmls/servosell/css/fullcalendar.min.css]
