[bootstrapget.com/demos/templatemonster/latte-bootstrap-admin-template/index.html]
[backblue.gif]
[fade.gif]
[index.html]
[bootstrapget.com/demos/templatemonster/latte-bootstrap-admin-template/assets/fonts/bootstrap/bootstrap-icons.min.css]
[bootstrapget.com/demos/templatemonster/latte-bootstrap-admin-template/assets/css/main.min.css]
[bootstrapget.com/demos/templatemonster/latte-bootstrap-admin-template/assets/vendor/overlay-scroll/OverlayScrollbars.min.css]
[bootstrapget.com/demos/templatemonster/latte-bootstrap-admin-template/ecommerce.html]
[bootstrapget.com/demos/templatemonster/latte-bootstrap-admin-template/widgets.html]
[bootstrapget.com/demos/templatemonster/latte-bootstrap-admin-template/metrics.html]
[bootstrapget.com/demos/templatemonster/latte-bootstrap-admin-template/accordions.html]
[bootstrapget.com/demos/templatemonster/latte-bootstrap-admin-template/alerts.html]
[bootstrapget.com/demos/templatemonster/latte-bootstrap-admin-template/avatars.html]
[bootstrapget.com/demos/templatemonster/latte-bootstrap-admin-template/badges.html]
[bootstrapget.com/demos/templatemonster/latte-bootstrap-admin-template/buttons.html]
[bootstrapget.com/demos/templatemonster/latte-bootstrap-admin-template/button-groups.html]
[bootstrapget.com/demos/templatemonster/latte-bootstrap-admin-template/cards.html]
[bootstrapget.com/demos/templatemonster/latte-bootstrap-admin-template/advanced-cards.html]
[bootstrapget.com/demos/templatemonster/latte-bootstrap-admin-template/carousel.html]
[bootstrapget.com/demos/templatemonster/latte-bootstrap-admin-template/icons.html]
[bootstrapget.com/demos/templatemonster/latte-bootstrap-admin-template/list-items.html]
[bootstrapget.com/demos/templatemonster/latte-bootstrap-admin-template/modals.html]
[bootstrapget.com/demos/templatemonster/latte-bootstrap-admin-template/progress.html]
[bootstrapget.com/demos/templatemonster/latte-bootstrap-admin-template/popovers.html]
[bootstrapget.com/demos/templatemonster/latte-bootstrap-admin-template/spinners.html]
[bootstrapget.com/demos/templatemonster/latte-bootstrap-admin-template/tables.html]
[bootstrapget.com/demos/templatemonster/latte-bootstrap-admin-template/tabs.html]
[bootstrapget.com/demos/templatemonster/latte-bootstrap-admin-template/tooltips.html]
[bootstrapget.com/demos/templatemonster/latte-bootstrap-admin-template/typography.html]
[bootstrapget.com/demos/templatemonster/latte-bootstrap-admin-template/calendar-daygrid.html]
[bootstrapget.com/demos/templatemonster/latte-bootstrap-admin-template/calendar-draggable.html]
[bootstrapget.com/demos/templatemonster/latte-bootstrap-admin-template/calendar-default.html]
[bootstrapget.com/demos/templatemonster/latte-bootstrap-admin-template/calendar-list-view.html]
[bootstrapget.com/demos/templatemonster/latte-bootstrap-admin-template/calendar-selectable.html]
[bootstrapget.com/demos/templatemonster/latte-bootstrap-admin-template/date-time-pickers.html]
[bootstrapget.com/demos/templatemonster/latte-bootstrap-admin-template/editor.html]
[bootstrapget.com/demos/templatemonster/latte-bootstrap-admin-template/input-masks.html]
[bootstrapget.com/demos/templatemonster/latte-bootstrap-admin-template/input-tags.html]
[bootstrapget.com/demos/templatemonster/latte-bootstrap-admin-template/wizard.html]
[bootstrapget.com/demos/templatemonster/latte-bootstrap-admin-template/form-checkbox-radio.html]
[bootstrapget.com/demos/templatemonster/latte-bootstrap-admin-template/form-accordion.html]
[bootstrapget.com/demos/templatemonster/latte-bootstrap-admin-template/form-inputs.html]
[bootstrapget.com/demos/templatemonster/latte-bootstrap-admin-template/form-file-input.html]
[bootstrapget.com/demos/templatemonster/latte-bootstrap-admin-template/form-layouts.html]
[bootstrapget.com/demos/templatemonster/latte-bootstrap-admin-template/form-tabs.html]
[bootstrapget.com/demos/templatemonster/latte-bootstrap-admin-template/form-validations.html]
[bootstrapget.com/demos/templatemonster/latte-bootstrap-admin-template/contacts.html]
[bootstrapget.com/demos/templatemonster/latte-bootstrap-admin-template/contact-us.html]
[bootstrapget.com/demos/templatemonster/latte-bootstrap-admin-template/create-invoice.html]
[bootstrapget.com/demos/templatemonster/latte-bootstrap-admin-template/faq.html]
[bootstrapget.com/demos/templatemonster/latte-bootstrap-admin-template/default-layout.html]
[bootstrapget.com/demos/templatemonster/latte-bootstrap-admin-template/slim-layout.html]
[bootstrapget.com/demos/templatemonster/latte-bootstrap-admin-template/invoice-list.html]
[bootstrapget.com/demos/templatemonster/latte-bootstrap-admin-template/leads.html]
[bootstrapget.com/demos/templatemonster/latte-bootstrap-admin-template/orders.html]
[bootstrapget.com/demos/templatemonster/latte-bootstrap-admin-template/settings.html]
[bootstrapget.com/demos/templatemonster/latte-bootstrap-admin-template/subscriptions.html]
[bootstrapget.com/demos/templatemonster/latte-bootstrap-admin-template/users.html]
[bootstrapget.com/demos/templatemonster/latte-bootstrap-admin-template/view-invoice.html]
[bootstrapget.com/demos/templatemonster/latte-bootstrap-admin-template/layout-line-graphs.html]
[bootstrapget.com/demos/templatemonster/latte-bootstrap-admin-template/layout-bar-graphs.html]
[bootstrapget.com/demos/templatemonster/latte-bootstrap-admin-template/layout-daterange.html]
[bootstrapget.com/demos/templatemonster/latte-bootstrap-admin-template/layout-grid.html]
[bootstrapget.com/demos/templatemonster/latte-bootstrap-admin-template/apex.html]
[bootstrapget.com/demos/templatemonster/latte-bootstrap-admin-template/morris.html]
[bootstrapget.com/demos/templatemonster/latte-bootstrap-admin-template/vector-maps.html]
[bootstrapget.com/demos/templatemonster/latte-bootstrap-admin-template/maps.html]
[bootstrapget.com/demos/templatemonster/latte-bootstrap-admin-template/login.html]
[bootstrapget.com/demos/templatemonster/latte-bootstrap-admin-template/signup.html]
[bootstrapget.com/demos/templatemonster/latte-bootstrap-admin-template/lock-screen.html]
[bootstrapget.com/demos/templatemonster/latte-bootstrap-admin-template/forgot-password.html]
[bootstrapget.com/demos/templatemonster/latte-bootstrap-admin-template/reset-password.html]
[bootstrapget.com/demos/templatemonster/latte-bootstrap-admin-template/page-not-found.html]
[bootstrapget.com/demos/templatemonster/latte-bootstrap-admin-template/maintenance.html]
[bootstrapget.com/demos/templatemonster/latte-bootstrap-admin-template/assets/images/user3.png]
[bootstrapget.com/demos/templatemonster/latte-bootstrap-admin-template/assets/images/user2.png]
[bootstrapget.com/demos/templatemonster/latte-bootstrap-admin-template/assets/images/user4.png]
[bootstrapget.com/demos/templatemonster/latte-bootstrap-admin-template/assets/images/user1.png]
[bootstrapget.com/demos/templatemonster/latte-bootstrap-admin-template/assets/images/user.png]
[bootstrapget.com/demos/templatemonster/latte-bootstrap-admin-template/assets/images/card-thumbs/thumb1.jpg]
[bootstrapget.com/demos/templatemonster/latte-bootstrap-admin-template/assets/images/card-thumbs/thumb2.jpg]
[bootstrapget.com/demos/templatemonster/latte-bootstrap-admin-template/assets/images/card-thumbs/thumb3.jpg]
[bootstrapget.com/demos/templatemonster/latte-bootstrap-admin-template/assets/images/card-thumbs/thumb4.jpg]
[bootstrapget.com/demos/templatemonster/latte-bootstrap-admin-template/assets/images/user5.png]
[bootstrapget.com/demos/templatemonster/latte-bootstrap-admin-template/assets/images/thumbs/7.jpg]
[bootstrapget.com/demos/templatemonster/latte-bootstrap-admin-template/assets/images/thumbs/4.jpg]
[bootstrapget.com/demos/templatemonster/latte-bootstrap-admin-template/assets/images/thumbs/6.jpg]
[bootstrapget.com/demos/templatemonster/latte-bootstrap-admin-template/assets/images/thumbs/8.jpg]
[bootstrapget.com/demos/templatemonster/latte-bootstrap-admin-template/assets/js/jquery.min.js]
[bootstrapget.com/demos/templatemonster/latte-bootstrap-admin-template/assets/js/bootstrap.bundle.min.js]
[bootstrapget.com/demos/templatemonster/latte-bootstrap-admin-template/assets/js/moment.min.js]
[bootstrapget.com/demos/templatemonster/latte-bootstrap-admin-template/assets/vendor/overlay-scroll/jquery.overlayScrollbars.min.js]
[bootstrapget.com/demos/templatemonster/latte-bootstrap-admin-template/assets/vendor/overlay-scroll/custom-scrollbar.js]
[bootstrapget.com/demos/templatemonster/latte-bootstrap-admin-template/assets/vendor/apex/apexcharts.min.js]
[bootstrapget.com/demos/templatemonster/latte-bootstrap-admin-template/assets/vendor/apex/custom/common/custom-topbar-radial.js]
[bootstrapget.com/demos/templatemonster/latte-bootstrap-admin-template/assets/vendor/apex/custom/common/custom-sparkline.js]
[bootstrapget.com/demos/templatemonster/latte-bootstrap-admin-template/assets/vendor/apex/custom/common/custom-sparkline2.js]
[bootstrapget.com/demos/templatemonster/latte-bootstrap-admin-template/assets/vendor/apex/custom/home/audience.js]
[bootstrapget.com/demos/templatemonster/latte-bootstrap-admin-template/assets/vendor/rating/raty.js]
[bootstrapget.com/demos/templatemonster/latte-bootstrap-admin-template/assets/vendor/rating/raty-custom.js]
[bootstrapget.com/demos/templatemonster/latte-bootstrap-admin-template/assets/js/custom.js]
[bootstrapget.com/demos/templatemonster/latte-bootstrap-admin-template/index.html]
[bootstrapget.com/demos/templatemonster/latte-bootstrap-admin-template/assets/images/favicon.svg]
[bootstrapget.com/demos/templatemonster/latte-bootstrap-admin-template/assets/fonts/bootstrap/bootstrap-icons0107.woff2]
[bootstrapget.com/demos/templatemonster/latte-bootstrap-admin-template/assets/fonts/bootstrap/bootstrap-icons0107.woff]
[bootstrapget.com/demos/templatemonster/latte-bootstrap-admin-template/assets/fonts/bootstrap/bootstrap-icons.min.css]
[bootstrapget.com/demos/templatemonster/latte-bootstrap-admin-template/assets/css/main.min.css]
[bootstrapget.com/demos/templatemonster/latte-bootstrap-admin-template/assets/vendor/overlay-scroll/OverlayScrollbars.min.css]
[bootstrapget.com/demos/templatemonster/latte-bootstrap-admin-template/assets/images/thumbs/5.jpg]
[bootstrapget.com/demos/templatemonster/latte-bootstrap-admin-template/assets/images/thumbs/2.jpg]
[bootstrapget.com/demos/templatemonster/latte-bootstrap-admin-template/assets/images/thumbs/3.jpg]
[bootstrapget.com/demos/templatemonster/latte-bootstrap-admin-template/assets/vendor/apex/custom/common/custom-topbar-line.js]
[bootstrapget.com/demos/templatemonster/latte-bootstrap-admin-template/assets/vendor/apex/custom/ecommerce/yearly-sales.js]
[bootstrapget.com/demos/templatemonster/latte-bootstrap-admin-template/assets/vendor/apex/custom/ecommerce/sparkline.js]
[bootstrapget.com/demos/templatemonster/latte-bootstrap-admin-template/assets/vendor/jvectormap/jquery-jvectormap-2.0.5.min.js]
[bootstrapget.com/demos/templatemonster/latte-bootstrap-admin-template/assets/vendor/jvectormap/world-mill-en.js]
[bootstrapget.com/demos/templatemonster/latte-bootstrap-admin-template/assets/vendor/jvectormap/gdp-data.js]
[bootstrapget.com/demos/templatemonster/latte-bootstrap-admin-template/assets/vendor/jvectormap/continents-mill.js]
[bootstrapget.com/demos/templatemonster/latte-bootstrap-admin-template/assets/vendor/jvectormap/custom/world-map-markers3.js]
[bootstrapget.com/demos/templatemonster/latte-bootstrap-admin-template/ecommerce.html]
[bootstrapget.com/demos/templatemonster/latte-bootstrap-admin-template/assets/images/products/1.jpg]
[bootstrapget.com/demos/templatemonster/latte-bootstrap-admin-template/assets/images/products/2.jpg]
[bootstrapget.com/demos/templatemonster/latte-bootstrap-admin-template/assets/images/products/3.jpg]
[bootstrapget.com/demos/templatemonster/latte-bootstrap-admin-template/assets/images/products/4.jpg]
[bootstrapget.com/demos/templatemonster/latte-bootstrap-admin-template/assets/images/products/5.jpg]
[bootstrapget.com/demos/templatemonster/latte-bootstrap-admin-template/assets/images/thumbs/1.jpg]
[bootstrapget.com/demos/templatemonster/latte-bootstrap-admin-template/widgets.html]
[bootstrapget.com/demos/templatemonster/latte-bootstrap-admin-template/assets/vendor/apex/custom/widgets/widget1.js]
[bootstrapget.com/demos/templatemonster/latte-bootstrap-admin-template/assets/vendor/apex/custom/widgets/widget2.js]
[bootstrapget.com/demos/templatemonster/latte-bootstrap-admin-template/assets/vendor/apex/custom/widgets/widget3.js]
[bootstrapget.com/demos/templatemonster/latte-bootstrap-admin-template/assets/vendor/apex/custom/widgets/widget4.js]
[bootstrapget.com/demos/templatemonster/latte-bootstrap-admin-template/assets/vendor/apex/custom/widgets/widget5.js]
[bootstrapget.com/demos/templatemonster/latte-bootstrap-admin-template/assets/vendor/apex/custom/widgets/widget6.js]
[bootstrapget.com/demos/templatemonster/latte-bootstrap-admin-template/metrics.html]
[bootstrapget.com/demos/templatemonster/latte-bootstrap-admin-template/accordions.html]
[bootstrapget.com/demos/templatemonster/latte-bootstrap-admin-template/alerts.html]
[bootstrapget.com/demos/templatemonster/latte-bootstrap-admin-template/avatars.html]
[bootstrapget.com/demos/templatemonster/latte-bootstrap-admin-template/badges.html]
[bootstrapget.com/demos/templatemonster/latte-bootstrap-admin-template/buttons.html]
[bootstrapget.com/demos/templatemonster/latte-bootstrap-admin-template/button-groups.html]
[bootstrapget.com/demos/templatemonster/latte-bootstrap-admin-template/cards.html]
[bootstrapget.com/demos/templatemonster/latte-bootstrap-admin-template/advanced-cards.html]
[bootstrapget.com/demos/templatemonster/latte-bootstrap-admin-template/carousel.html]
[bootstrapget.com/demos/templatemonster/latte-bootstrap-admin-template/icons.html]
[bootstrapget.com/demos/templatemonster/latte-bootstrap-admin-template/list-items.html]
[bootstrapget.com/demos/templatemonster/latte-bootstrap-admin-template/modals.html]
[bootstrapget.com/demos/templatemonster/latte-bootstrap-admin-template/progress.html]
[bootstrapget.com/demos/templatemonster/latte-bootstrap-admin-template/popovers.html]
[bootstrapget.com/demos/templatemonster/latte-bootstrap-admin-template/spinners.html]
[bootstrapget.com/demos/templatemonster/latte-bootstrap-admin-template/tables.html]
[bootstrapget.com/demos/templatemonster/latte-bootstrap-admin-template/tabs.html]
[bootstrapget.com/demos/templatemonster/latte-bootstrap-admin-template/tooltips.html]
[bootstrapget.com/demos/templatemonster/latte-bootstrap-admin-template/typography.html]
[bootstrapget.com/demos/templatemonster/latte-bootstrap-admin-template/assets/vendor/calendar/css/main.min.css]
[bootstrapget.com/demos/templatemonster/latte-bootstrap-admin-template/assets/vendor/calendar/css/custom.css]
[bootstrapget.com/demos/templatemonster/latte-bootstrap-admin-template/assets/vendor/calendar/js/main.min.js]
[bootstrapget.com/demos/templatemonster/latte-bootstrap-admin-template/assets/vendor/calendar/custom/daygrid-calendar.js]
[bootstrapget.com/demos/templatemonster/latte-bootstrap-admin-template/calendar-daygrid.html]
[bootstrapget.com/demos/templatemonster/latte-bootstrap-admin-template/assets/vendor/calendar/custom/draggable-calendar.js]
[bootstrapget.com/demos/templatemonster/latte-bootstrap-admin-template/calendar-draggable.html]
[bootstrapget.com/demos/templatemonster/latte-bootstrap-admin-template/assets/vendor/calendar/custom/google-view-calendar.js]
[bootstrapget.com/demos/templatemonster/latte-bootstrap-admin-template/calendar-default.html]
[bootstrapget.com/demos/templatemonster/latte-bootstrap-admin-template/assets/vendor/calendar/custom/list-view-calendar.js]
[bootstrapget.com/demos/templatemonster/latte-bootstrap-admin-template/calendar-list-view.html]
[bootstrapget.com/demos/templatemonster/latte-bootstrap-admin-template/assets/vendor/calendar/custom/selectable-calendar.js]
[bootstrapget.com/demos/templatemonster/latte-bootstrap-admin-template/calendar-selectable.html]
[bootstrapget.com/demos/templatemonster/latte-bootstrap-admin-template/assets/vendor/daterange/daterange.css]
[bootstrapget.com/demos/templatemonster/latte-bootstrap-admin-template/assets/js/modernizr.js]
[bootstrapget.com/demos/templatemonster/latte-bootstrap-admin-template/assets/vendor/daterange/daterange.js]
[bootstrapget.com/demos/templatemonster/latte-bootstrap-admin-template/assets/vendor/daterange/custom-daterange.js]
[bootstrapget.com/demos/templatemonster/latte-bootstrap-admin-template/date-time-pickers.html]
[bootstrapget.com/demos/templatemonster/latte-bootstrap-admin-template/assets/vendor/quill/quill.core.css]
[bootstrapget.com/demos/templatemonster/latte-bootstrap-admin-template/assets/vendor/quill/quill.min.js]
[bootstrapget.com/demos/templatemonster/latte-bootstrap-admin-template/assets/vendor/quill/custom.js]
[bootstrapget.com/demos/templatemonster/latte-bootstrap-admin-template/editor.html]
[bootstrapget.com/demos/templatemonster/latte-bootstrap-admin-template/assets/images/cards/mastercard.png]
[bootstrapget.com/demos/templatemonster/latte-bootstrap-admin-template/assets/images/cards/visa.png]
[bootstrapget.com/demos/templatemonster/latte-bootstrap-admin-template/assets/images/cards/american-express.png]
[bootstrapget.com/demos/templatemonster/latte-bootstrap-admin-template/assets/images/cards/jcb.png]
[bootstrapget.com/demos/templatemonster/latte-bootstrap-admin-template/assets/images/cards/diners.png]
[bootstrapget.com/demos/templatemonster/latte-bootstrap-admin-template/assets/images/cards/discover.png]
[bootstrapget.com/demos/templatemonster/latte-bootstrap-admin-template/assets/vendor/input-masks/cleave.min.js]
[bootstrapget.com/demos/templatemonster/latte-bootstrap-admin-template/assets/vendor/input-masks/cleave-phone.js]
[bootstrapget.com/demos/templatemonster/latte-bootstrap-admin-template/assets/vendor/input-masks/cleave-custom.js]
[bootstrapget.com/demos/templatemonster/latte-bootstrap-admin-template/input-masks.html]
[bootstrapget.com/demos/templatemonster/latte-bootstrap-admin-template/assets/vendor/input-tags/tagsinput.css]
[bootstrapget.com/demos/templatemonster/latte-bootstrap-admin-template/assets/vendor/input-tags/tagsinput.min.js]
[bootstrapget.com/demos/templatemonster/latte-bootstrap-admin-template/assets/vendor/input-tags/typeahead.js]
[bootstrapget.com/demos/templatemonster/latte-bootstrap-admin-template/assets/vendor/input-tags/tagsinput-custom.js]
[bootstrapget.com/demos/templatemonster/latte-bootstrap-admin-template/input-tags.html]
[bootstrapget.com/demos/templatemonster/latte-bootstrap-admin-template/assets/vendor/nouislider/css/nouislider.css]
[bootstrapget.com/demos/templatemonster/latte-bootstrap-admin-template/assets/vendor/nouislider/js/nouislider.js]
[bootstrapget.com/demos/templatemonster/latte-bootstrap-admin-template/assets/js/raphael.min.js]
[bootstrapget.com/demos/templatemonster/latte-bootstrap-admin-template/assets/vendor/mapael/jquery.mapael.min.js]
[bootstrapget.com/demos/templatemonster/latte-bootstrap-admin-template/assets/vendor/mapael/maps/france_departments.min.js]
[bootstrapget.com/demos/templatemonster/latte-bootstrap-admin-template/assets/vendor/mapael/maps/world_countries.min.js]
[bootstrapget.com/demos/templatemonster/latte-bootstrap-admin-template/assets/vendor/mapael/maps/usa_states.min.js]
[bootstrapget.com/demos/templatemonster/latte-bootstrap-admin-template/assets/vendor/mapael/custom/population.js]
[bootstrapget.com/demos/templatemonster/latte-bootstrap-admin-template/assets/vendor/mapael/custom/plotted-cities.js]
[bootstrapget.com/demos/templatemonster/latte-bootstrap-admin-template/assets/vendor/mapael/custom/range-areas.js]
[bootstrapget.com/demos/templatemonster/latte-bootstrap-admin-template/wizard.html]
[bootstrapget.com/demos/templatemonster/latte-bootstrap-admin-template/form-checkbox-radio.html]
[bootstrapget.com/demos/templatemonster/latte-bootstrap-admin-template/form-accordion.html]
[bootstrapget.com/demos/templatemonster/latte-bootstrap-admin-template/form-inputs.html]
[bootstrapget.com/demos/templatemonster/latte-bootstrap-admin-template/form-file-input.html]
[bootstrapget.com/demos/templatemonster/latte-bootstrap-admin-template/form-layouts.html]
[bootstrapget.com/demos/templatemonster/latte-bootstrap-admin-template/form-tabs.html]
[bootstrapget.com/demos/templatemonster/latte-bootstrap-admin-template/assets/js/validations.js]
[bootstrapget.com/demos/templatemonster/latte-bootstrap-admin-template/form-validations.html]
[bootstrapget.com/demos/templatemonster/latte-bootstrap-admin-template/contacts.html]
[bootstrapget.com/demos/templatemonster/latte-bootstrap-admin-template/assets/vendor/apex/custom/common/custom-topbar-bar.js]
[bootstrapget.com/demos/templatemonster/latte-bootstrap-admin-template/contact-us.html]
[bootstrapget.com/demos/templatemonster/latte-bootstrap-admin-template/create-invoice.html]
[bootstrapget.com/demos/templatemonster/latte-bootstrap-admin-template/faq.html]
[bootstrapget.com/demos/templatemonster/latte-bootstrap-admin-template/default-layout.html]
[bootstrapget.com/demos/templatemonster/latte-bootstrap-admin-template/slim-layout.html]
[bootstrapget.com/demos/templatemonster/latte-bootstrap-admin-template/invoice-list.html]
[bootstrapget.com/demos/templatemonster/latte-bootstrap-admin-template/assets/vendor/datatables/dataTables.bs5.css]
[bootstrapget.com/demos/templatemonster/latte-bootstrap-admin-template/assets/vendor/datatables/dataTables.bs5-custom.css]
[bootstrapget.com/demos/templatemonster/latte-bootstrap-admin-template/assets/vendor/datatables/buttons/dataTables.bs5-custom.css]
[bootstrapget.com/demos/templatemonster/latte-bootstrap-admin-template/assets/vendor/apex/custom/leads/leads.js]
[bootstrapget.com/demos/templatemonster/latte-bootstrap-admin-template/assets/vendor/apex/custom/leads/value.js]
[bootstrapget.com/demos/templatemonster/latte-bootstrap-admin-template/assets/vendor/datatables/dataTables.min.js]
[bootstrapget.com/demos/templatemonster/latte-bootstrap-admin-template/assets/vendor/datatables/dataTables.bootstrap.min.js]
[bootstrapget.com/demos/templatemonster/latte-bootstrap-admin-template/assets/vendor/datatables/custom/custom-datatables.js]
[bootstrapget.com/demos/templatemonster/latte-bootstrap-admin-template/assets/vendor/datatables/buttons/dataTables.buttons.min.js]
[bootstrapget.com/demos/templatemonster/latte-bootstrap-admin-template/assets/vendor/datatables/buttons/jszip.min.js]
[bootstrapget.com/demos/templatemonster/latte-bootstrap-admin-template/assets/vendor/datatables/buttons/pdfmake.min.js]
[bootstrapget.com/demos/templatemonster/latte-bootstrap-admin-template/assets/vendor/datatables/buttons/vfs_fonts.js]
[bootstrapget.com/demos/templatemonster/latte-bootstrap-admin-template/assets/vendor/datatables/buttons/buttons.html5.min.js]
[bootstrapget.com/demos/templatemonster/latte-bootstrap-admin-template/assets/vendor/datatables/buttons/buttons.print.min.js]
[bootstrapget.com/demos/templatemonster/latte-bootstrap-admin-template/assets/vendor/datatables/buttons/buttons.colVis.min.js]
[bootstrapget.com/demos/templatemonster/latte-bootstrap-admin-template/leads.html]
[bootstrapget.com/demos/templatemonster/latte-bootstrap-admin-template/orders.html]
[bootstrapget.com/demos/templatemonster/latte-bootstrap-admin-template/settings.html]
[bootstrapget.com/demos/templatemonster/latte-bootstrap-admin-template/assets/vendor/apex/custom/subscribers/subscribers.js]
[bootstrapget.com/demos/templatemonster/latte-bootstrap-admin-template/subscriptions.html]
[bootstrapget.com/demos/templatemonster/latte-bootstrap-admin-template/users.html]
[bootstrapget.com/demos/templatemonster/latte-bootstrap-admin-template/view-invoice.html]
[bootstrapget.com/demos/templatemonster/latte-bootstrap-admin-template/layout-line-graphs.html]
[bootstrapget.com/demos/templatemonster/latte-bootstrap-admin-template/layout-bar-graphs.html]
[bootstrapget.com/demos/templatemonster/latte-bootstrap-admin-template/layout-daterange.html]
[bootstrapget.com/demos/templatemonster/latte-bootstrap-admin-template/layout-grid.html]
[bootstrapget.com/demos/templatemonster/latte-bootstrap-admin-template/assets/vendor/apex/custom/graphs/area.js]
[bootstrapget.com/demos/templatemonster/latte-bootstrap-admin-template/assets/vendor/apex/custom/graphs/line.js]
[bootstrapget.com/demos/templatemonster/latte-bootstrap-admin-template/assets/vendor/apex/custom/graphs/bar.js]
[bootstrapget.com/demos/templatemonster/latte-bootstrap-admin-template/assets/vendor/apex/custom/graphs/column-area.js]
[bootstrapget.com/demos/templatemonster/latte-bootstrap-admin-template/assets/vendor/apex/custom/graphs/candlestick.js]
[bootstrapget.com/demos/templatemonster/latte-bootstrap-admin-template/assets/vendor/apex/custom/graphs/heatmap.js]
[bootstrapget.com/demos/templatemonster/latte-bootstrap-admin-template/assets/vendor/apex/custom/graphs/donut.js]
[bootstrapget.com/demos/templatemonster/latte-bootstrap-admin-template/assets/vendor/apex/custom/graphs/pie.js]
[bootstrapget.com/demos/templatemonster/latte-bootstrap-admin-template/assets/vendor/apex/custom/graphs/gauge.js]
[bootstrapget.com/demos/templatemonster/latte-bootstrap-admin-template/assets/vendor/apex/custom/graphs/radial-bar.js]
[bootstrapget.com/demos/templatemonster/latte-bootstrap-admin-template/assets/vendor/apex/custom/graphs/funnel.js]
[bootstrapget.com/demos/templatemonster/latte-bootstrap-admin-template/assets/vendor/apex/custom/graphs/pyramid.js]
[bootstrapget.com/demos/templatemonster/latte-bootstrap-admin-template/apex.html]
[bootstrapget.com/demos/templatemonster/latte-bootstrap-admin-template/assets/vendor/morris/morris.css]
[bootstrapget.com/demos/templatemonster/latte-bootstrap-admin-template/assets/vendor/morris/raphael-min.js]
[bootstrapget.com/demos/templatemonster/latte-bootstrap-admin-template/assets/vendor/morris/morris.min.js]
[bootstrapget.com/demos/templatemonster/latte-bootstrap-admin-template/assets/vendor/morris/custom/area.js]
[bootstrapget.com/demos/templatemonster/latte-bootstrap-admin-template/assets/vendor/morris/custom/barColors.js]
[bootstrapget.com/demos/templatemonster/latte-bootstrap-admin-template/assets/vendor/morris/custom/dayData.js]
[bootstrapget.com/demos/templatemonster/latte-bootstrap-admin-template/assets/vendor/morris/custom/donutColors.js]
[bootstrapget.com/demos/templatemonster/latte-bootstrap-admin-template/assets/vendor/morris/custom/donutFormatter.js]
[bootstrapget.com/demos/templatemonster/latte-bootstrap-admin-template/assets/vendor/morris/custom/morrisBar.js]
[bootstrapget.com/demos/templatemonster/latte-bootstrap-admin-template/assets/vendor/morris/custom/negativeValues.js]
[bootstrapget.com/demos/templatemonster/latte-bootstrap-admin-template/assets/vendor/morris/custom/stackedBar.js]
[bootstrapget.com/demos/templatemonster/latte-bootstrap-admin-template/morris.html]
[bootstrapget.com/demos/templatemonster/latte-bootstrap-admin-template/assets/vendor/jvectormap/africa-mill.js]
[bootstrapget.com/demos/templatemonster/latte-bootstrap-admin-template/assets/vendor/jvectormap/dk-mill.js]
[bootstrapget.com/demos/templatemonster/latte-bootstrap-admin-template/assets/vendor/jvectormap/europe-mill.js]
[bootstrapget.com/demos/templatemonster/latte-bootstrap-admin-template/assets/vendor/jvectormap/us_aea.js]
[bootstrapget.com/demos/templatemonster/latte-bootstrap-admin-template/assets/vendor/jvectormap/usa.js]
[bootstrapget.com/demos/templatemonster/latte-bootstrap-admin-template/assets/vendor/jvectormap/custom/world-map-markers2.js]
[bootstrapget.com/demos/templatemonster/latte-bootstrap-admin-template/assets/vendor/jvectormap/custom/world-map-gdp.js]
[bootstrapget.com/demos/templatemonster/latte-bootstrap-admin-template/assets/vendor/jvectormap/custom/map-usa.js]
[bootstrapget.com/demos/templatemonster/latte-bootstrap-admin-template/assets/vendor/jvectormap/custom/map-usa2.js]
[bootstrapget.com/demos/templatemonster/latte-bootstrap-admin-template/assets/vendor/jvectormap/custom/custom-denmark.js]
[bootstrapget.com/demos/templatemonster/latte-bootstrap-admin-template/assets/vendor/jvectormap/custom/map-europe.js]
[bootstrapget.com/demos/templatemonster/latte-bootstrap-admin-template/assets/vendor/jvectormap/custom/map-africa.js]
[bootstrapget.com/demos/templatemonster/latte-bootstrap-admin-template/vector-maps.html]
[bootstrapget.com/demos/templatemonster/latte-bootstrap-admin-template/maps.html]
[bootstrapget.com/demos/templatemonster/latte-bootstrap-admin-template/login.html]
[bootstrapget.com/demos/templatemonster/latte-bootstrap-admin-template/signup.html]
[bootstrapget.com/demos/templatemonster/latte-bootstrap-admin-template/lock-screen.html]
[bootstrapget.com/demos/templatemonster/latte-bootstrap-admin-template/forgot-password.html]
[bootstrapget.com/demos/templatemonster/latte-bootstrap-admin-template/reset-password.html]
[bootstrapget.com/demos/templatemonster/latte-bootstrap-admin-template/page-not-found.html]
[bootstrapget.com/demos/templatemonster/latte-bootstrap-admin-template/maintenance.html]
[bootstrapget.com/demos/templatemonster/latte-bootstrap-admin-template/assets/images/logo.svg]
[bootstrapget.com/demos/templatemonster/latte-bootstrap-admin-template/assets/images/social/facebook.svg]
[bootstrapget.com/demos/templatemonster/latte-bootstrap-admin-template/assets/images/social/instagram.svg]
[bootstrapget.com/demos/templatemonster/latte-bootstrap-admin-template/assets/images/curve-line.svg]
[bootstrapget.com/demos/templatemonster/latte-bootstrap-admin-template/assets/images/sidebar-pattern.svg]
[bootstrapget.com/demos/templatemonster/latte-bootstrap-admin-template/assets/images/menu-arrow.svg]
[bootstrapget.com/demos/templatemonster/latte-bootstrap-admin-template/assets/images/error-pattern.svg]
[bootstrapget.com/demos/templatemonster/latte-bootstrap-admin-template/assets/images/flags/1x1/us.svg]
[bootstrapget.com/demos/templatemonster/latte-bootstrap-admin-template/assets/images/flags/1x1/in.svg]
[bootstrapget.com/demos/templatemonster/latte-bootstrap-admin-template/assets/images/flags/1x1/br.svg]
[bootstrapget.com/demos/templatemonster/latte-bootstrap-admin-template/assets/images/flags/1x1/tk.svg]
[bootstrapget.com/demos/templatemonster/latte-bootstrap-admin-template/assets/images/flags/1x1/de.svg]
[bootstrapget.com/demos/templatemonster/latte-bootstrap-admin-template/assets/images/browser/chrome.svg]
[bootstrapget.com/demos/templatemonster/latte-bootstrap-admin-template/assets/images/browser/firefox.svg]
[bootstrapget.com/demos/templatemonster/latte-bootstrap-admin-template/assets/images/browser/safari.svg]
[bootstrapget.com/demos/templatemonster/latte-bootstrap-admin-template/assets/images/browser/opera.svg]
[bootstrapget.com/demos/templatemonster/latte-bootstrap-admin-template/assets/images/browser/ie.svg]
[bootstrapget.com/demos/templatemonster/latte-bootstrap-admin-template/assets/images/flags/1x1/au.svg]
[bootstrapget.com/demos/templatemonster/latte-bootstrap-admin-template/assets/images/flags/1x1/hk.svg]
[bootstrapget.com/demos/templatemonster/latte-bootstrap-admin-template/assets/images/flags/1x1/tz.svg]
[bootstrapget.com/demos/templatemonster/latte-bootstrap-admin-template/assets/images/flags/1x1/ru.svg]
[bootstrapget.com/demos/templatemonster/latte-bootstrap-admin-template/assets/vendor/calendar/css/main.min.css]
[bootstrapget.com/demos/templatemonster/latte-bootstrap-admin-template/assets/vendor/calendar/css/custom.css]
[bootstrapget.com/demos/templatemonster/latte-bootstrap-admin-template/assets/vendor/daterange/daterange.css]
[bootstrapget.com/demos/templatemonster/latte-bootstrap-admin-template/assets/vendor/quill/quill.core.css]
[bootstrapget.com/demos/templatemonster/latte-bootstrap-admin-template/assets/vendor/input-tags/tagsinput.css]
[bootstrapget.com/demos/templatemonster/latte-bootstrap-admin-template/assets/vendor/nouislider/css/nouislider.css]
[datatables.net/examples/resources/details_open.png]
[datatables.net/examples/resources/details_close.png]
[bootstrapget.com/demos/templatemonster/latte-bootstrap-admin-template/assets/vendor/datatables/dataTables.bs5.css]
[bootstrapget.com/demos/templatemonster/latte-bootstrap-admin-template/assets/vendor/datatables/dataTables.bs5-custom.css]
[bootstrapget.com/demos/templatemonster/latte-bootstrap-admin-template/assets/vendor/datatables/buttons/dataTables.bs5-custom.css]
[bootstrapget.com/demos/templatemonster/latte-bootstrap-admin-template/assets/images/notifications.svg]
[bootstrapget.com/demos/templatemonster/latte-bootstrap-admin-template/assets/images/login.svg]
[bootstrapget.com/demos/templatemonster/latte-bootstrap-admin-template/assets/images/logo-dark.svg]
[bootstrapget.com/demos/templatemonster/latte-bootstrap-admin-template/assets/vendor/morris/morris.css]
